[INFO] Scanning for projects...
[INFO] 
[INFO] ------------------------< com.josetin:eventra >-------------------------
[INFO] Building eventra 0.0.1-SNAPSHOT
[INFO]   from pom.xml
[INFO] --------------------------------[ jar ]---------------------------------
[INFO] 
[INFO] >>> spring-boot:3.5.11:run (default-cli) > test-compile @ eventra >>>
[INFO] 
[INFO] --- resources:3.3.1:resources (default-resources) @ eventra ---
[INFO] Copying 1 resource from src\main\resources to target\classes
[INFO] Copying 0 resource from src\main\resources to target\classes
[INFO] 
[INFO] --- compiler:3.13.0:compile (default-compile) @ eventra ---
[INFO] Nothing to compile - all classes are up to date.
[INFO] 
[INFO] --- resources:3.3.1:testResources (default-testResources) @ eventra ---
[INFO] skip non existing resourceDirectory C:\Users\USER\Eventra\Eventra-main\src\test\resources
[INFO] 
[INFO] --- compiler:3.13.0:testCompile (default-testCompile) @ eventra ---
[INFO] Nothing to compile - all classes are up to date.
[INFO] 
[INFO] <<< spring-boot:3.5.11:run (default-cli) < test-compile @ eventra <<<
[INFO] 
[INFO] 
[INFO] --- spring-boot:3.5.11:run (default-cli) @ eventra ---
[INFO] Attaching agents: []

  .   ____          _            __ _ _
 /\\ / ___'_ __ _ _(_)_ __  __ _ \ \ \ \
( ( )\___ | '_ | '_| | '_ \/ _` | \ \ \ \
 \\/  ___)| |_)| | | | | || (_| |  ) ) ) )
  '  |____| .__|_| |_|_| |_\__, | / / / /
 =========|_|==============|___/=/_/_/_/

 :: Spring Boot ::               (v3.5.11)

2026-05-09T12:32:58.036+05:30  INFO 9236 --- [Eventra] [           main] com.jm.eventra.EventraApplication        : Starting EventraApplication using Java 21.0.10 with PID 9236 (C:\Users\USER\Eventra\Eventra-main\target\classes started by batman$ in C:\Users\USER\Eventra\Eventra-main)
2026-05-09T12:32:58.236+05:30  INFO 9236 --- [Eventra] [           main] com.jm.eventra.EventraApplication        : No active profile set, falling back to 1 default profile: "default"
2026-05-09T12:33:02.424+05:30  INFO 9236 --- [Eventra] [           main] .s.d.r.c.RepositoryConfigurationDelegate : Bootstrapping Spring Data JPA repositories in DEFAULT mode.
2026-05-09T12:33:02.944+05:30  INFO 9236 --- [Eventra] [           main] .s.d.r.c.RepositoryConfigurationDelegate : Finished Spring Data repository scanning in 485 ms. Found 7 JPA repository interfaces.
2026-05-09T12:33:08.876+05:30  INFO 9236 --- [Eventra] [           main] o.s.b.w.embedded.tomcat.TomcatWebServer  : Tomcat initialized with port 8080 (http)
2026-05-09T12:33:09.047+05:30  INFO 9236 --- [Eventra] [           main] o.apache.catalina.core.StandardService   : Starting service [Tomcat]
2026-05-09T12:33:09.047+05:30  INFO 9236 --- [Eventra] [           main] o.apache.catalina.core.StandardEngine    : Starting Servlet engine: [Apache Tomcat/10.1.52]
2026-05-09T12:33:09.875+05:30  INFO 9236 --- [Eventra] [           main] o.a.c.c.C.[Tomcat].[localhost].[/]       : Initializing Spring embedded WebApplicationContext
2026-05-09T12:33:09.891+05:30  INFO 9236 --- [Eventra] [           main] w.s.c.ServletWebServerApplicationContext : Root WebApplicationContext: initialization completed in 11320 ms
2026-05-09T12:33:11.853+05:30  INFO 9236 --- [Eventra] [           main] o.hibernate.jpa.internal.util.LogHelper  : HHH000204: Processing PersistenceUnitInfo [name: default]
2026-05-09T12:33:12.499+05:30  INFO 9236 --- [Eventra] [           main] org.hibernate.Version                    : HHH000412: Hibernate ORM core version 6.6.42.Final
2026-05-09T12:33:12.868+05:30  INFO 9236 --- [Eventra] [           main] o.h.c.internal.RegionFactoryInitiator    : HHH000026: Second-level cache disabled
2026-05-09T12:33:14.784+05:30  INFO 9236 --- [Eventra] [           main] o.s.o.j.p.SpringPersistenceUnitInfo      : No LoadTimeWeaver setup: ignoring JPA class transformer
2026-05-09T12:33:15.246+05:30  INFO 9236 --- [Eventra] [           main] com.zaxxer.hikari.HikariDataSource       : HikariPool-1 - Starting...
2026-05-09T12:33:18.374+05:30  INFO 9236 --- [Eventra] [           main] com.zaxxer.hikari.pool.HikariPool        : HikariPool-1 - Added connection com.mysql.cj.jdbc.ConnectionImpl@da5d5e1
2026-05-09T12:33:18.388+05:30  INFO 9236 --- [Eventra] [           main] com.zaxxer.hikari.HikariDataSource       : HikariPool-1 - Start completed.
2026-05-09T12:33:18.707+05:30  WARN 9236 --- [Eventra] [           main] org.hibernate.orm.deprecation            : HHH90000025: MySQLDialect does not need to be specified explicitly using 'hibernate.dialect' (remove the property setting and it will be selected by default)
2026-05-09T12:33:18.988+05:30  INFO 9236 --- [Eventra] [           main] org.hibernate.orm.connections.pooling    : HHH10001005: Database info:
	Database JDBC URL [Connecting through datasource 'HikariDataSource (HikariPool-1)']
	Database driver: undefined/unknown
	Database version: 8.0.45
	Autocommit mode: undefined/unknown
	Isolation level: undefined/unknown
	Minimum pool size: undefined/unknown
	Maximum pool size: undefined/unknown
2026-05-09T12:33:24.906+05:30  INFO 9236 --- [Eventra] [           main] o.h.e.t.j.p.i.JtaPlatformInitiator       : HHH000489: No JTA platform available (set 'hibernate.transaction.jta.platform' to enable JTA platform integration)
2026-05-09T12:33:25.605+05:30  INFO 9236 --- [Eventra] [           main] j.LocalContainerEntityManagerFactoryBean : Initialized JPA EntityManagerFactory for persistence unit 'default'
2026-05-09T12:33:27.701+05:30  INFO 9236 --- [Eventra] [           main] o.s.d.j.r.query.QueryEnhancerFactory     : Hibernate is in classpath; If applicable, HQL parser will be used.
2026-05-09T12:33:30.312+05:30  WARN 9236 --- [Eventra] [           main] JpaBaseConfiguration$JpaWebConfiguration : spring.jpa.open-in-view is enabled by default. Therefore, database queries may be performed during view rendering. Explicitly configure spring.jpa.open-in-view to disable this warning
2026-05-09T12:33:30.446+05:30  INFO 9236 --- [Eventra] [           main] r$InitializeUserDetailsManagerConfigurer : Global AuthenticationManager configured with UserDetailsService bean with name customUserDetailService
2026-05-09T12:33:32.773+05:30  INFO 9236 --- [Eventra] [           main] o.s.b.w.embedded.tomcat.TomcatWebServer  : Tomcat started on port 8080 (http) with context path '/'
2026-05-09T12:33:32.806+05:30  INFO 9236 --- [Eventra] [           main] com.jm.eventra.EventraApplication        : Started EventraApplication in 38.797 seconds (process running for 40.592)
2026-05-09T12:34:32.244+05:30  INFO 9236 --- [Eventra] [nio-8080-exec-3] o.a.c.c.C.[Tomcat].[localhost].[/]       : Initializing Spring DispatcherServlet 'dispatcherServlet'
2026-05-09T12:34:32.246+05:30  INFO 9236 --- [Eventra] [nio-8080-exec-3] o.s.web.servlet.DispatcherServlet        : Initializing Servlet 'dispatcherServlet'
2026-05-09T12:34:32.249+05:30  INFO 9236 --- [Eventra] [nio-8080-exec-3] o.s.web.servlet.DispatcherServlet        : Completed initialization in 3 ms
